Gazebo multi-robot simulator, version 11.10.2
Copyright (C) 2012 Open Source Robotics Foundation.
Released under the Apache 2 License.
http://gazebosim.org

[1;32m[Msg] [0m[1;32mWaiting for master.[0m[1;32m
[0m[1;32m[0m[1;32m[0m[1;32m[Msg] [0m[1;32mConnected to gazebo master @ [0m[1;32mhttp://127.0.0.1:11345[0m[1;32m
[0m[1;32m[0m[1;32m[0m[1;32m[Msg] [0m[1;32mPublicized address: [0m[1;32m10.255.255.254[0m[1;32m
[0m[1;32m[0m[1;32m[0m[1;33m[Wrn] [Event.cc:61] [0m[1;33mWarning: Deleting a connection right after creation. [0m[1;33mMake sure to save the ConnectionPtr from a Connect call
[0m[1;32m[Msg] [0m[1;32mWaiting for model database update to complete...
[0m[1;33m[Wrn] [FuelModelDatabase.cc:313] [0m[1;33mURI not supported by Fuel [[0m[1;33mmodel://cad_models/RGOCG8-50_8mm.STL[0m[1;33m][0m[1;33m
[0m[1;33m[0m[1;33m[0m[1;33m[Wrn] [SystemPaths.cc:459] [0m[1;33mFile or path does not exist [[0m[1;33m""[0m[1;33m] [[0m[1;33mmodel://cad_models/RGOCG8-50_8mm.STL[0m[1;33m][0m[1;33m
[0m[1;33m[0m[1;33m[0m[1;31m[Err] [Visual.cc:2956] [0m[1;31mNo mesh specified
[0m[1;33m[Wrn] [FuelModelDatabase.cc:313] [0m[1;33mURI not supported by Fuel [[0m[1;33mmodel://cad_models/RGOCG8-50_8mm.STL[0m[1;33m][0m[1;33m
[0m[1;33m[0m[1;33m[0m[1;33m[Wrn] [SystemPaths.cc:459] [0m[1;33mFile or path does not exist [[0m[1;33m""[0m[1;33m] [[0m[1;33mmodel://cad_models/RGOCG8-50_8mm.STL[0m[1;33m][0m[1;33m
[0m[1;33m[0m[1;33m[0m[1;31m[Err] [Visual.cc:2956] [0m[1;31mNo mesh specified
[0m[1;33m[Wrn] [FuelModelDatabase.cc:313] [0m[1;33mURI not supported by Fuel [[0m[1;33mmodel://cad_models/RGOCG8-50_8mm.STL[0m[1;33m][0m[1;33m
[0m[1;33m[0m[1;33m[0m[1;33m[Wrn] [SystemPaths.cc:459] [0m[1;33mFile or path does not exist [[0m[1;33m""[0m[1;33m] [[0m[1;33mmodel://cad_models/RGOCG8-50_8mm.STL[0m[1;33m][0m[1;33m
[0m[1;33m[0m[1;33m[0m[1;33m[Wrn] [FuelModelDatabase.cc:313] [0m[1;33mURI not supported by Fuel [[0m[1;33mmodel://cad_models/KET4_Square_4mm.STL[0m[1;33m][0m[1;33m
[0m[1;33m[0m[1;33m[0m[1;33m[Wrn] [SystemPaths.cc:459] [0m[1;33mFile or path does not exist [[0m[1;33m""[0m[1;33m] [[0m[1;33mmodel://cad_models/KET4_Square_4mm.STL[0m[1;33m][0m[1;33m
[0m[1;33m[0m[1;33m[0m[1;31m[Err] [Visual.cc:2956] [0m[1;31mNo mesh specified
[0m[1;33m[Wrn] [FuelModelDatabase.cc:313] [0m[1;33mURI not supported by Fuel [[0m[1;33mmodel://cad_models/KET4_Square_4mm.STL[0m[1;33m][0m[1;33m
[0m[1;33m[0m[1;33m[0m[1;33m[Wrn] [SystemPaths.cc:459] [0m[1;33mFile or path does not exist [[0m[1;33m""[0m[1;33m] [[0m[1;33mmodel://cad_models/KET4_Square_4mm.STL[0m[1;33m][0m[1;33m
[0m[1;33m[0m[1;33m[0m[1;31m[Err] [Visual.cc:2956] [0m[1;31mNo mesh specified
[0m[1;33m[Wrn] [FuelModelDatabase.cc:313] [0m[1;33mURI not supported by Fuel [[0m[1;33mmodel://cad_models/KET4_Square_4mm.STL[0m[1;33m][0m[1;33m
[0m[1;33m[0m[1;33m[0m[1;33m[Wrn] [SystemPaths.cc:459] [0m[1;33mFile or path does not exist [[0m[1;33m""[0m[1;33m] [[0m[1;33mmodel://cad_models/KET4_Square_4mm.STL[0m[1;33m][0m[1;33m
[0m[1;33m[0m[1;33m[0m[1;33m[Wrn] [FuelModelDatabase.cc:313] [0m[1;33mURI not supported by Fuel [[0m[1;33mmodel://cad_models/KET8_Square_8mm.STL[0m[1;33m][0m[1;33m
[0m[1;33m[0m[1;33m[0m[1;33m[Wrn] [SystemPaths.cc:459] [0m[1;33mFile or path does not exist [[0m[1;33m""[0m[1;33m] [[0m[1;33mmodel://cad_models/KET8_Square_8mm.STL[0m[1;33m][0m[1;33m
[0m[1;33m[0m[1;33m[0m[1;31m[Err] [Visual.cc:2956] [0m[1;31mNo mesh specified
[0m[1;33m[Wrn] [FuelModelDatabase.cc:313] [0m[1;33mURI not supported by Fuel [[0m[1;33mmodel://cad_models/KET8_Square_8mm.STL[0m[1;33m][0m[1;33m
[0m[1;33m[0m[1;33m[0m[1;33m[Wrn] [SystemPaths.cc:459] [0m[1;33mFile or path does not exist [[0m[1;33m""[0m[1;33m] [[0m[1;33mmodel://cad_models/KET8_Square_8mm.STL[0m[1;33m][0m[1;33m
[0m[1;33m[0m[1;33m[0m[1;31m[Err] [Visual.cc:2956] [0m[1;31mNo mesh specified
[0m[1;33m[Wrn] [FuelModelDatabase.cc:313] [0m[1;33mURI not supported by Fuel [[0m[1;33mmodel://cad_models/KET8_Square_8mm.STL[0m[1;33m][0m[1;33m
[0m[1;33m[0m[1;33m[0m[1;33m[Wrn] [SystemPaths.cc:459] [0m[1;33mFile or path does not exist [[0m[1;33m""[0m[1;33m] [[0m[1;33mmodel://cad_models/KET8_Square_8mm.STL[0m[1;33m][0m[1;33m
[0m[1;33m[0m[1;33m[0m[1;33m[Wrn] [FuelModelDatabase.cc:313] [0m[1;33mURI not supported by Fuel [[0m[1;33mmodel://cad_models/RGOCG12-50_12mm.STL[0m[1;33m][0m[1;33m
[0m[1;33m[0m[1;33m[0m[1;33m[Wrn] [SystemPaths.cc:459] [0m[1;33mFile or path does not exist [[0m[1;33m""[0m[1;33m] [[0m[1;33mmodel://cad_models/RGOCG12-50_12mm.STL[0m[1;33m][0m[1;33m
[0m[1;33m[0m[1;33m[0m[1;31m[Err] [Visual.cc:2956] [0m[1;31mNo mesh specified
[0m[1;33m[Wrn] [FuelModelDatabase.cc:313] [0m[1;33mURI not supported by Fuel [[0m[1;33mmodel://cad_models/RGOCG12-50_12mm.STL[0m[1;33m][0m[1;33m
[0m[1;33m[0m[1;33m[0m[1;33m[Wrn] [SystemPaths.cc:459] [0m[1;33mFile or path does not exist [[0m[1;33m""[0m[1;33m] [[0m[1;33mmodel://cad_models/RGOCG12-50_12mm.STL[0m[1;33m][0m[1;33m
[0m[1;33m[0m[1;33m[0m[1;31m[Err] [Visual.cc:2956] [0m[1;31mNo mesh specified
[0m[1;33m[Wrn] [FuelModelDatabase.cc:313] [0m[1;33mURI not supported by Fuel [[0m[1;33mmodel://cad_models/RGOCG12-50_12mm.STL[0m[1;33m][0m[1;33m
[0m[1;33m[0m[1;33m[0m[1;33m[Wrn] [SystemPaths.cc:459] [0m[1;33mFile or path does not exist [[0m[1;33m""[0m[1;33m] [[0m[1;33mmodel://cad_models/RGOCG12-50_12mm.STL[0m[1;33m][0m[1;33m
[0m[1;33m[0m[1;33m[0m[1;33m[Wrn] [FuelModelDatabase.cc:313] [0m[1;33mURI not supported by Fuel [[0m[1;33mmodel://cad_models/RGOCG16-50_16mm.STL[0m[1;33m][0m[1;33m
[0m[1;33m[0m[1;33m[0m[1;33m[Wrn] [SystemPaths.cc:459] [0m[1;33mFile or path does not exist [[0m[1;33m""[0m[1;33m] [[0m[1;33mmodel://cad_models/RGOCG16-50_16mm.STL[0m[1;33m][0m[1;33m
[0m[1;33m[0m[1;33m[0m[1;31m[Err] [Visual.cc:2956] [0m[1;31mNo mesh specified
[0m[1;33m[Wrn] [FuelModelDatabase.cc:313] [0m[1;33mURI not supported by Fuel [[0m[1;33mmodel://cad_models/RGOCG16-50_16mm.STL[0m[1;33m][0m[1;33m
[0m[1;33m[0m[1;33m[0m[1;33m[Wrn] [SystemPaths.cc:459] [0m[1;33mFile or path does not exist [[0m[1;33m""[0m[1;33m] [[0m[1;33mmodel://cad_models/RGOCG16-50_16mm.STL[0m[1;33m][0m[1;33m
[0m[1;33m[0m[1;33m[0m[1;31m[Err] [Visual.cc:2956] [0m[1;31mNo mesh specified
[0m[1;33m[Wrn] [FuelModelDatabase.cc:313] [0m[1;33mURI not supported by Fuel [[0m[1;33mmodel://cad_models/RGOCG16-50_16mm.STL[0m[1;33m][0m[1;33m
[0m[1;33m[0m[1;33m[0m[1;33m[Wrn] [SystemPaths.cc:459] [0m[1;33mFile or path does not exist [[0m[1;33m""[0m[1;33m] [[0m[1;33mmodel://cad_models/RGOCG16-50_16mm.STL[0m[1;33m][0m[1;33m
[0m[1;33m[0m[1;33m[0m[1;33m[Wrn] [FuelModelDatabase.cc:313] [0m[1;33mURI not supported by Fuel [[0m[1;33mmodel://cad_models/Gear_Plate.STL[0m[1;33m][0m[1;33m
[0m[1;33m[0m[1;33m[0m[1;33m[Wrn] [SystemPaths.cc:459] [0m[1;33mFile or path does not exist [[0m[1;33m""[0m[1;33m] [[0m[1;33mmodel://cad_models/Gear_Plate.STL[0m[1;33m][0m[1;33m
[0m[1;33m[0m[1;33m[0m[1;31m[Err] [Visual.cc:2956] [0m[1;31mNo mesh specified
[0m[1;33m[Wrn] [FuelModelDatabase.cc:313] [0m[1;33mURI not supported by Fuel [[0m[1;33mmodel://cad_models/Gear_Plate.STL[0m[1;33m][0m[1;33m
[0m[1;33m[0m[1;33m[0m[1;33m[Wrn] [SystemPaths.cc:459] [0m[1;33mFile or path does not exist [[0m[1;33m""[0m[1;33m] [[0m[1;33mmodel://cad_models/Gear_Plate.STL[0m[1;33m][0m[1;33m
[0m[1;33m[0m[1;33m[0m[1;31m[Err] [Visual.cc:2956] [0m[1;31mNo mesh specified
[0m[1;33m[Wrn] [FuelModelDatabase.cc:313] [0m[1;33mURI not supported by Fuel [[0m[1;33mmodel://cad_models/Gear_Plate.STL[0m[1;33m][0m[1;33m
[0m[1;33m[0m[1;33m[0m[1;33m[Wrn] [SystemPaths.cc:459] [0m[1;33mFile or path does not exist [[0m[1;33m""[0m[1;33m] [[0m[1;33mmodel://cad_models/Gear_Plate.STL[0m[1;33m][0m[1;33m
[0m[1;33m[0m[1;33m[0m[1;33m[Wrn] [FuelModelDatabase.cc:313] [0m[1;33mURI not supported by Fuel [[0m[1;33mmodel://cad_models/KET12_Square_12mm.STL[0m[1;33m][0m[1;33m
[0m[1;33m[0m[1;33m[0m[1;33m[Wrn] [SystemPaths.cc:459] [0m[1;33mFile or path does not exist [[0m[1;33m""[0m[1;33m] [[0m[1;33mmodel://cad_models/KET12_Square_12mm.STL[0m[1;33m][0m[1;33m
[0m[1;33m[0m[1;33m[0m[1;31m[Err] [Visual.cc:2956] [0m[1;31mNo mesh specified
[0m[1;33m[Wrn] [FuelModelDatabase.cc:313] [0m[1;33mURI not supported by Fuel [[0m[1;33mmodel://cad_models/KET12_Square_12mm.STL[0m[1;33m][0m[1;33m
[0m[1;33m[0m[1;33m[0m[1;33m[Wrn] [SystemPaths.cc:459] [0m[1;33mFile or path does not exist [[0m[1;33m""[0m[1;33m] [[0m[1;33mmodel://cad_models/KET12_Square_12mm.STL[0m[1;33m][0m[1;33m
[0m[1;33m[0m[1;33m[0m[1;31m[Err] [Visual.cc:2956] [0m[1;31mNo mesh specified
[0m[1;33m[Wrn] [FuelModelDatabase.cc:313] [0m[1;33mURI not supported by Fuel [[0m[1;33mmodel://cad_models/KET12_Square_12mm.STL[0m[1;33m][0m[1;33m
[0m[1;33m[0m[1;33m[0m[1;33m[Wrn] [SystemPaths.cc:459] [0m[1;33mFile or path does not exist [[0m[1;33m""[0m[1;33m] [[0m[1;33mmodel://cad_models/KET12_Square_12mm.STL[0m[1;33m][0m[1;33m
[0m[1;33m[0m[1;33m[0m[1;33m[Wrn] [FuelModelDatabase.cc:313] [0m[1;33mURI not supported by Fuel [[0m[1;33mmodel://cad_models/KET16_Square_16mm.STL[0m[1;33m][0m[1;33m
[0m[1;33m[0m[1;33m[0m[1;33m[Wrn] [SystemPaths.cc:459] [0m[1;33mFile or path does not exist [[0m[1;33m""[0m[1;33m] [[0m[1;33mmodel://cad_models/KET16_Square_16mm.STL[0m[1;33m][0m[1;33m
[0m[1;33m[0m[1;33m[0m[1;31m[Err] [Visual.cc:2956] [0m[1;31mNo mesh specified
[0m[1;33m[Wrn] [FuelModelDatabase.cc:313] [0m[1;33mURI not supported by Fuel [[0m[1;33mmodel://cad_models/KET16_Square_16mm.STL[0m[1;33m][0m[1;33m
[0m[1;33m[0m[1;33m[0m[1;33m[Wrn] [SystemPaths.cc:459] [0m[1;33mFile or path does not exist [[0m[1;33m""[0m[1;33m] [[0m[1;33mmodel://cad_models/KET16_Square_16mm.STL[0m[1;33m][0m[1;33m
[0m[1;33m[0m[1;33m[0m[1;31m[Err] [Visual.cc:2956] [0m[1;31mNo mesh specified
[0m[1;33m[Wrn] [FuelModelDatabase.cc:313] [0m[1;33mURI not supported by Fuel [[0m[1;33mmodel://cad_models/KET16_Square_16mm.STL[0m[1;33m][0m[1;33m
[0m[1;33m[0m[1;33m[0m[1;33m[Wrn] [SystemPaths.cc:459] [0m[1;33mFile or path does not exist [[0m[1;33m""[0m[1;33m] [[0m[1;33mmodel://cad_models/KET16_Square_16mm.STL[0m[1;33m][0m[1;33m
[0m[1;33m[0m[1;33m[0m[1;33m[Wrn] [FuelModelDatabase.cc:313] [0m[1;33mURI not supported by Fuel [[0m[1;33mmodel://cad_models/Gear_Shaft.STL[0m[1;33m][0m[1;33m
[0m[1;33m[0m[1;33m[0m[1;33m[Wrn] [SystemPaths.cc:459] [0m[1;33mFile or path does not exist [[0m[1;33m""[0m[1;33m] [[0m[1;33mmodel://cad_models/Gear_Shaft.STL[0m[1;33m][0m[1;33m
[0m[1;33m[0m[1;33m[0m[1;31m[Err] [Visual.cc:2956] [0m[1;31mNo mesh specified
[0m[1;33m[Wrn] [FuelModelDatabase.cc:313] [0m[1;33mURI not supported by Fuel [[0m[1;33mmodel://cad_models/Gear_Shaft.STL[0m[1;33m][0m[1;33m
[0m[1;33m[0m[1;33m[0m[1;33m[Wrn] [SystemPaths.cc:459] [0m[1;33mFile or path does not exist [[0m[1;33m""[0m[1;33m] [[0m[1;33mmodel://cad_models/Gear_Shaft.STL[0m[1;33m][0m[1;33m
[0m[1;33m[0m[1;33m[0m[1;31m[Err] [Visual.cc:2956] [0m[1;31mNo mesh specified
[0m[1;33m[Wrn] [FuelModelDatabase.cc:313] [0m[1;33mURI not supported by Fuel [[0m[1;33mmodel://cad_models/Gear_Shaft.STL[0m[1;33m][0m[1;33m
[0m[1;33m[0m[1;33m[0m[1;33m[Wrn] [SystemPaths.cc:459] [0m[1;33mFile or path does not exist [[0m[1;33m""[0m[1;33m] [[0m[1;33mmodel://cad_models/Gear_Shaft.STL[0m[1;33m][0m[1;33m
[0m[1;33m[0m[1;33m[0m[1;33m[Wrn] [FuelModelDatabase.cc:313] [0m[1;33mURI not supported by Fuel [[0m[1;33mmodel://cad_models/Gear_Shaft.STL[0m[1;33m][0m[1;33m
[0m[1;33m[0m[1;33m[0m[1;33m[Wrn] [SystemPaths.cc:459] [0m[1;33mFile or path does not exist [[0m[1;33m""[0m[1;33m] [[0m[1;33mmodel://cad_models/Gear_Shaft.STL[0m[1;33m][0m[1;33m
[0m[1;33m[0m[1;33m[0m[1;31m[Err] [Visual.cc:2956] [0m[1;31mNo mesh specified
[0m[1;33m[Wrn] [FuelModelDatabase.cc:313] [0m[1;33mURI not supported by Fuel [[0m[1;33mmodel://cad_models/Gear_Shaft.STL[0m[1;33m][0m[1;33m
[0m[1;33m[0m[1;33m[0m[1;33m[Wrn] [SystemPaths.cc:459] [0m[1;33mFile or path does not exist [[0m[1;33m""[0m[1;33m] [[0m[1;33mmodel://cad_models/Gear_Shaft.STL[0m[1;33m][0m[1;33m
[0m[1;33m[0m[1;33m[0m[1;31m[Err] [Visual.cc:2956] [0m[1;31mNo mesh specified
[0m[1;33m[Wrn] [FuelModelDatabase.cc:313] [0m[1;33mURI not supported by Fuel [[0m[1;33mmodel://cad_models/Gear_Shaft.STL[0m[1;33m][0m[1;33m
[0m[1;33m[0m[1;33m[0m[1;33m[Wrn] [SystemPaths.cc:459] [0m[1;33mFile or path does not exist [[0m[1;33m""[0m[1;33m] [[0m[1;33mmodel://cad_models/Gear_Shaft.STL[0m[1;33m][0m[1;33m
[0m[1;33m[0m[1;33m[0m[1;33m[Wrn] [FuelModelDatabase.cc:313] [0m[1;33mURI not supported by Fuel [[0m[1;33mmodel://cad_models/Gear_Shaft.STL[0m[1;33m][0m[1;33m
[0m[1;33m[0m[1;33m[0m[1;33m[Wrn] [SystemPaths.cc:459] [0m[1;33mFile or path does not exist [[0m[1;33m""[0m[1;33m] [[0m[1;33mmodel://cad_models/Gear_Shaft.STL[0m[1;33m][0m[1;33m
[0m[1;33m[0m[1;33m[0m[1;31m[Err] [Visual.cc:2956] [0m[1;31mNo mesh specified
[0m[1;33m[Wrn] [FuelModelDatabase.cc:313] [0m[1;33mURI not supported by Fuel [[0m[1;33mmodel://cad_models/Gear_Shaft.STL[0m[1;33m][0m[1;33m
[0m[1;33m[0m[1;33m[0m[1;33m[Wrn] [SystemPaths.cc:459] [0m[1;33mFile or path does not exist [[0m[1;33m""[0m[1;33m] [[0m[1;33mmodel://cad_models/Gear_Shaft.STL[0m[1;33m][0m[1;33m
[0m[1;33m[0m[1;33m[0m[1;31m[Err] [Visual.cc:2956] [0m[1;31mNo mesh specified
[0m[1;33m[Wrn] [FuelModelDatabase.cc:313] [0m[1;33mURI not supported by Fuel [[0m[1;33mmodel://cad_models/Gear_Shaft.STL[0m[1;33m][0m[1;33m
[0m[1;33m[0m[1;33m[0m[1;33m[Wrn] [SystemPaths.cc:459] [0m[1;33mFile or path does not exist [[0m[1;33m""[0m[1;33m] [[0m[1;33mmodel://cad_models/Gear_Shaft.STL[0m[1;33m][0m[1;33m
[0m[1;33m[0m[1;33m[0m[1;33m[Wrn] [FuelModelDatabase.cc:313] [0m[1;33mURI not supported by Fuel [[0m[1;33mmodel://cad_models/RGOCG4-50_Round_4mm.STL[0m[1;33m][0m[1;33m
[0m[1;33m[0m[1;33m[0m[1;33m[Wrn] [SystemPaths.cc:459] [0m[1;33mFile or path does not exist [[0m[1;33m""[0m[1;33m] [[0m[1;33mmodel://cad_models/RGOCG4-50_Round_4mm.STL[0m[1;33m][0m[1;33m
[0m[1;33m[0m[1;33m[0m[1;31m[Err] [Visual.cc:2956] [0m[1;31mNo mesh specified
[0m[1;33m[Wrn] [FuelModelDatabase.cc:313] [0m[1;33mURI not supported by Fuel [[0m[1;33mmodel://cad_models/RGOCG4-50_Round_4mm.STL[0m[1;33m][0m[1;33m
[0m[1;33m[0m[1;33m[0m[1;33m[Wrn] [SystemPaths.cc:459] [0m[1;33mFile or path does not exist [[0m[1;33m""[0m[1;33m] [[0m[1;33mmodel://cad_models/RGOCG4-50_Round_4mm.STL[0m[1;33m][0m[1;33m
[0m[1;33m[0m[1;33m[0m[1;31m[Err] [Visual.cc:2956] [0m[1;31mNo mesh specified
[0m[1;33m[Wrn] [FuelModelDatabase.cc:313] [0m[1;33mURI not supported by Fuel [[0m[1;33mmodel://cad_models/RGOCG4-50_Round_4mm.STL[0m[1;33m][0m[1;33m
[0m[1;33m[0m[1;33m[0m[1;33m[Wrn] [SystemPaths.cc:459] [0m[1;33mFile or path does not exist [[0m[1;33m""[0m[1;33m] [[0m[1;33mmodel://cad_models/RGOCG4-50_Round_4mm.STL[0m[1;33m][0m[1;33m
[0m[1;33m[0m[1;33m[0m[1;33m[Wrn] [FuelModelDatabase.cc:313] [0m[1;33mURI not supported by Fuel [[0m[1;33mmodel://cais_lab_robotics/models/KMR/meshes/lbr_iiwa_14_r820/visual/link_1.dae[0m[1;33m][0m[1;33m
[0m[1;33m[0m[1;33m[0m[1;33m[Wrn] [SystemPaths.cc:459] [0m[1;33mFile or path does not exist [[0m[1;33m""[0m[1;33m] [[0m[1;33mmodel://cais_lab_robotics/models/KMR/meshes/lbr_iiwa_14_r820/visual/link_1.dae[0m[1;33m][0m[1;33m
[0m[1;33m[0m[1;33m[0m[1;31m[Err] [Visual.cc:2956] [0m[1;31mNo mesh specified
[0m[1;33m[Wrn] [FuelModelDatabase.cc:313] [0m[1;33mURI not supported by Fuel [[0m[1;33mmodel://cais_lab_robotics/models/KMR/meshes/lbr_iiwa_14_r820/visual/link_1.dae[0m[1;33m][0m[1;33m
[0m[1;33m[0m[1;33m[0m[1;33m[Wrn] [SystemPaths.cc:459] [0m[1;33mFile or path does not exist [[0m[1;33m""[0m[1;33m] [[0m[1;33mmodel://cais_lab_robotics/models/KMR/meshes/lbr_iiwa_14_r820/visual/link_1.dae[0m[1;33m][0m[1;33m
[0m[1;33m[0m[1;33m[0m[1;31m[Err] [Visual.cc:2956] [0m[1;31mNo mesh specified
[0m[1;33m[Wrn] [FuelModelDatabase.cc:313] [0m[1;33mURI not supported by Fuel [[0m[1;33mmodel://cais_lab_robotics/models/KMR/meshes/lbr_iiwa_14_r820/visual/link_1.dae[0m[1;33m][0m[1;33m
[0m[1;33m[0m[1;33m[0m[1;33m[Wrn] [SystemPaths.cc:459] [0m[1;33mFile or path does not exist [[0m[1;33m""[0m[1;33m] [[0m[1;33mmodel://cais_lab_robotics/models/KMR/meshes/lbr_iiwa_14_r820/visual/link_1.dae[0m[1;33m][0m[1;33m
[0m[1;33m[0m[1;33m[0m[1;33m[Wrn] [FuelModelDatabase.cc:313] [0m[1;33mURI not supported by Fuel [[0m[1;33mmodel://cais_lab_robotics/models/KMR/meshes/lbr_iiwa_14_r820/visual/link_2.dae[0m[1;33m][0m[1;33m
[0m[1;33m[0m[1;33m[0m[1;33m[Wrn] [SystemPaths.cc:459] [0m[1;33mFile or path does not exist [[0m[1;33m""[0m[1;33m] [[0m[1;33mmodel://cais_lab_robotics/models/KMR/meshes/lbr_iiwa_14_r820/visual/link_2.dae[0m[1;33m][0m[1;33m
[0m[1;33m[0m[1;33m[0m[1;31m[Err] [Visual.cc:2956] [0m[1;31mNo mesh specified
[0m[1;33m[Wrn] [FuelModelDatabase.cc:313] [0m[1;33mURI not supported by Fuel [[0m[1;33mmodel://cais_lab_robotics/models/KMR/meshes/lbr_iiwa_14_r820/visual/link_2.dae[0m[1;33m][0m[1;33m
[0m[1;33m[0m[1;33m[0m[1;33m[Wrn] [SystemPaths.cc:459] [0m[1;33mFile or path does not exist [[0m[1;33m""[0m[1;33m] [[0m[1;33mmodel://cais_lab_robotics/models/KMR/meshes/lbr_iiwa_14_r820/visual/link_2.dae[0m[1;33m][0m[1;33m
[0m[1;33m[0m[1;33m[0m[1;31m[Err] [Visual.cc:2956] [0m[1;31mNo mesh specified
[0m[1;33m[Wrn] [FuelModelDatabase.cc:313] [0m[1;33mURI not supported by Fuel [[0m[1;33mmodel://cais_lab_robotics/models/KMR/meshes/lbr_iiwa_14_r820/visual/link_2.dae[0m[1;33m][0m[1;33m
[0m[1;33m[0m[1;33m[0m[1;33m[Wrn] [SystemPaths.cc:459] [0m[1;33mFile or path does not exist [[0m[1;33m""[0m[1;33m] [[0m[1;33mmodel://cais_lab_robotics/models/KMR/meshes/lbr_iiwa_14_r820/visual/link_2.dae[0m[1;33m][0m[1;33m
[0m[1;33m[0m[1;33m[0m[1;33m[Wrn] [FuelModelDatabase.cc:313] [0m[1;33mURI not supported by Fuel [[0m[1;33mmodel://cais_lab_robotics/models/KMR/meshes/lbr_iiwa_14_r820/visual/link_3.dae[0m[1;33m][0m[1;33m
[0m[1;33m[0m[1;33m[0m[1;33m[Wrn] [SystemPaths.cc:459] [0m[1;33mFile or path does not exist [[0m[1;33m""[0m[1;33m] [[0m[1;33mmodel://cais_lab_robotics/models/KMR/meshes/lbr_iiwa_14_r820/visual/link_3.dae[0m[1;33m][0m[1;33m
[0m[1;33m[0m[1;33m[0m[1;31m[Err] [Visual.cc:2956] [0m[1;31mNo mesh specified
[0m[1;33m[Wrn] [FuelModelDatabase.cc:313] [0m[1;33mURI not supported by Fuel [[0m[1;33mmodel://cais_lab_robotics/models/KMR/meshes/lbr_iiwa_14_r820/visual/link_3.dae[0m[1;33m][0m[1;33m
[0m[1;33m[0m[1;33m[0m[1;33m[Wrn] [SystemPaths.cc:459] [0m[1;33mFile or path does not exist [[0m[1;33m""[0m[1;33m] [[0m[1;33mmodel://cais_lab_robotics/models/KMR/meshes/lbr_iiwa_14_r820/visual/link_3.dae[0m[1;33m][0m[1;33m
[0m[1;33m[0m[1;33m[0m[1;31m[Err] [Visual.cc:2956] [0m[1;31mNo mesh specified
[0m[1;33m[Wrn] [FuelModelDatabase.cc:313] [0m[1;33mURI not supported by Fuel [[0m[1;33mmodel://cais_lab_robotics/models/KMR/meshes/lbr_iiwa_14_r820/visual/link_3.dae[0m[1;33m][0m[1;33m
[0m[1;33m[0m[1;33m[0m[1;33m[Wrn] [SystemPaths.cc:459] [0m[1;33mFile or path does not exist [[0m[1;33m""[0m[1;33m] [[0m[1;33mmodel://cais_lab_robotics/models/KMR/meshes/lbr_iiwa_14_r820/visual/link_3.dae[0m[1;33m][0m[1;33m
[0m[1;33m[0m[1;33m[0m[1;33m[Wrn] [FuelModelDatabase.cc:313] [0m[1;33mURI not supported by Fuel [[0m[1;33mmodel://cais_lab_robotics/models/KMR/meshes/lbr_iiwa_14_r820/visual/link_4.dae[0m[1;33m][0m[1;33m
[0m[1;33m[0m[1;33m[0m[1;33m[Wrn] [SystemPaths.cc:459] [0m[1;33mFile or path does not exist [[0m[1;33m""[0m[1;33m] [[0m[1;33mmodel://cais_lab_robotics/models/KMR/meshes/lbr_iiwa_14_r820/visual/link_4.dae[0m[1;33m][0m[1;33m
[0m[1;33m[0m[1;33m[0m[1;31m[Err] [Visual.cc:2956] [0m[1;31mNo mesh specified
[0m[1;33m[Wrn] [FuelModelDatabase.cc:313] [0m[1;33mURI not supported by Fuel [[0m[1;33mmodel://cais_lab_robotics/models/KMR/meshes/lbr_iiwa_14_r820/visual/link_4.dae[0m[1;33m][0m[1;33m
[0m[1;33m[0m[1;33m[0m[1;33m[Wrn] [SystemPaths.cc:459] [0m[1;33mFile or path does not exist [[0m[1;33m""[0m[1;33m] [[0m[1;33mmodel://cais_lab_robotics/models/KMR/meshes/lbr_iiwa_14_r820/visual/link_4.dae[0m[1;33m][0m[1;33m
[0m[1;33m[0m[1;33m[0m[1;31m[Err] [Visual.cc:2956] [0m[1;31mNo mesh specified
[0m[1;33m[Wrn] [FuelModelDatabase.cc:313] [0m[1;33mURI not supported by Fuel [[0m[1;33mmodel://cais_lab_robotics/models/KMR/meshes/lbr_iiwa_14_r820/visual/link_4.dae[0m[1;33m][0m[1;33m
[0m[1;33m[0m[1;33m[0m[1;33m[Wrn] [SystemPaths.cc:459] [0m[1;33mFile or path does not exist [[0m[1;33m""[0m[1;33m] [[0m[1;33mmodel://cais_lab_robotics/models/KMR/meshes/lbr_iiwa_14_r820/visual/link_4.dae[0m[1;33m][0m[1;33m
[0m[1;33m[0m[1;33m[0m[1;33m[Wrn] [FuelModelDatabase.cc:313] [0m[1;33mURI not supported by Fuel [[0m[1;33mmodel://cais_lab_robotics/models/KMR/meshes/lbr_iiwa_14_r820/visual/link_5.dae[0m[1;33m][0m[1;33m
[0m[1;33m[0m[1;33m[0m[1;33m[Wrn] [SystemPaths.cc:459] [0m[1;33mFile or path does not exist [[0m[1;33m""[0m[1;33m] [[0m[1;33mmodel://cais_lab_robotics/models/KMR/meshes/lbr_iiwa_14_r820/visual/link_5.dae[0m[1;33m][0m[1;33m
[0m[1;33m[0m[1;33m[0m[1;31m[Err] [Visual.cc:2956] [0m[1;31mNo mesh specified
[0m[1;33m[Wrn] [FuelModelDatabase.cc:313] [0m[1;33mURI not supported by Fuel [[0m[1;33mmodel://cais_lab_robotics/models/KMR/meshes/lbr_iiwa_14_r820/visual/link_5.dae[0m[1;33m][0m[1;33m
[0m[1;33m[0m[1;33m[0m[1;33m[Wrn] [SystemPaths.cc:459] [0m[1;33mFile or path does not exist [[0m[1;33m""[0m[1;33m] [[0m[1;33mmodel://cais_lab_robotics/models/KMR/meshes/lbr_iiwa_14_r820/visual/link_5.dae[0m[1;33m][0m[1;33m
[0m[1;33m[0m[1;33m[0m[1;31m[Err] [Visual.cc:2956] [0m[1;31mNo mesh specified
[0m[1;33m[Wrn] [FuelModelDatabase.cc:313] [0m[1;33mURI not supported by Fuel [[0m[1;33mmodel://cais_lab_robotics/models/KMR/meshes/lbr_iiwa_14_r820/visual/link_5.dae[0m[1;33m][0m[1;33m
[0m[1;33m[0m[1;33m[0m[1;33m[Wrn] [SystemPaths.cc:459] [0m[1;33mFile or path does not exist [[0m[1;33m""[0m[1;33m] [[0m[1;33mmodel://cais_lab_robotics/models/KMR/meshes/lbr_iiwa_14_r820/visual/link_5.dae[0m[1;33m][0m[1;33m
[0m[1;33m[0m[1;33m[0m[1;33m[Wrn] [FuelModelDatabase.cc:313] [0m[1;33mURI not supported by Fuel [[0m[1;33mmodel://cais_lab_robotics/models/KMR/meshes/lbr_iiwa_14_r820/visual/link_6.dae[0m[1;33m][0m[1;33m
[0m[1;33m[0m[1;33m[0m[1;33m[Wrn] [SystemPaths.cc:459] [0m[1;33mFile or path does not exist [[0m[1;33m""[0m[1;33m] [[0m[1;33mmodel://cais_lab_robotics/models/KMR/meshes/lbr_iiwa_14_r820/visual/link_6.dae[0m[1;33m][0m[1;33m
[0m[1;33m[0m[1;33m[0m[1;31m[Err] [Visual.cc:2956] [0m[1;31mNo mesh specified
[0m[1;33m[Wrn] [FuelModelDatabase.cc:313] [0m[1;33mURI not supported by Fuel [[0m[1;33mmodel://cais_lab_robotics/models/KMR/meshes/lbr_iiwa_14_r820/visual/link_6.dae[0m[1;33m][0m[1;33m
[0m[1;33m[0m[1;33m[0m[1;33m[Wrn] [SystemPaths.cc:459] [0m[1;33mFile or path does not exist [[0m[1;33m""[0m[1;33m] [[0m[1;33mmodel://cais_lab_robotics/models/KMR/meshes/lbr_iiwa_14_r820/visual/link_6.dae[0m[1;33m][0m[1;33m
[0m[1;33m[0m[1;33m[0m[1;31m[Err] [Visual.cc:2956] [0m[1;31mNo mesh specified
[0m[1;33m[Wrn] [FuelModelDatabase.cc:313] [0m[1;33mURI not supported by Fuel [[0m[1;33mmodel://cais_lab_robotics/models/KMR/meshes/lbr_iiwa_14_r820/visual/link_6.dae[0m[1;33m][0m[1;33m
[0m[1;33m[0m[1;33m[0m[1;33m[Wrn] [SystemPaths.cc:459] [0m[1;33mFile or path does not exist [[0m[1;33m""[0m[1;33m] [[0m[1;33mmodel://cais_lab_robotics/models/KMR/meshes/lbr_iiwa_14_r820/visual/link_6.dae[0m[1;33m][0m[1;33m
[0m[1;33m[0m[1;33m[0m[1;33m[Wrn] [FuelModelDatabase.cc:313] [0m[1;33mURI not supported by Fuel [[0m[1;33mmodel://cais_lab_robotics/models/KMR/meshes/lbr_iiwa_14_r820/visual/link_7_2.stl[0m[1;33m][0m[1;33m
[0m[1;33m[0m[1;33m[0m[1;33m[Wrn] [SystemPaths.cc:459] [0m[1;33mFile or path does not exist [[0m[1;33m""[0m[1;33m] [[0m[1;33mmodel://cais_lab_robotics/models/KMR/meshes/lbr_iiwa_14_r820/visual/link_7_2.stl[0m[1;33m][0m[1;33m
[0m[1;33m[0m[1;33m[0m[1;31m[Err] [Visual.cc:2956] [0m[1;31mNo mesh specified
[0m[1;33m[Wrn] [FuelModelDatabase.cc:313] [0m[1;33mURI not supported by Fuel [[0m[1;33mmodel://cais_lab_robotics/models/KMR/meshes/lbr_iiwa_14_r820/visual/link_7_2.stl[0m[1;33m][0m[1;33m
[0m[1;33m[0m[1;33m[0m[1;33m[Wrn] [SystemPaths.cc:459] [0m[1;33mFile or path does not exist [[0m[1;33m""[0m[1;33m] [[0m[1;33mmodel://cais_lab_robotics/models/KMR/meshes/lbr_iiwa_14_r820/visual/link_7_2.stl[0m[1;33m][0m[1;33m
[0m[1;33m[0m[1;33m[0m[1;31m[Err] [Visual.cc:2956] [0m[1;31mNo mesh specified
[0m[1;33m[Wrn] [FuelModelDatabase.cc:313] [0m[1;33mURI not supported by Fuel [[0m[1;33mmodel://cais_lab_robotics/models/KMR/meshes/lbr_iiwa_14_r820/visual/link_7_2.stl[0m[1;33m][0m[1;33m
[0m[1;33m[0m[1;33m[0m[1;33m[Wrn] [SystemPaths.cc:459] [0m[1;33mFile or path does not exist [[0m[1;33m""[0m[1;33m] [[0m[1;33mmodel://cais_lab_robotics/models/KMR/meshes/lbr_iiwa_14_r820/visual/link_7_2.stl[0m[1;33m][0m[1;33m
[0m[1;33m[0m[1;33m[0m[1;33m[Wrn] [FuelModelDatabase.cc:313] [0m[1;33mURI not supported by Fuel [[0m[1;33mmodel://cad_models/GMC_Laser_Plate_Virtual.STL[0m[1;33m][0m[1;33m
[0m[1;33m[0m[1;33m[0m[1;33m[Wrn] [SystemPaths.cc:459] [0m[1;33mFile or path does not exist [[0m[1;33m""[0m[1;33m] [[0m[1;33mmodel://cad_models/GMC_Laser_Plate_Virtual.STL[0m[1;33m][0m[1;33m
[0m[1;33m[0m[1;33m[0m[1;31m[Err] [Visual.cc:2956] [0m[1;31mNo mesh specified
[0m[1;33m[Wrn] [FuelModelDatabase.cc:313] [0m[1;33mURI not supported by Fuel [[0m[1;33mmodel://cad_models/GMC_Laser_Plate_Virtual.STL[0m[1;33m][0m[1;33m
[0m[1;33m[0m[1;33m[0m[1;33m[Wrn] [SystemPaths.cc:459] [0m[1;33mFile or path does not exist [[0m[1;33m""[0m[1;33m] [[0m[1;33mmodel://cad_models/GMC_Laser_Plate_Virtual.STL[0m[1;33m][0m[1;33m
[0m[1;33m[0m[1;33m[0m[1;31m[Err] [Visual.cc:2956] [0m[1;31mNo mesh specified
[0m[1;33m[Wrn] [FuelModelDatabase.cc:313] [0m[1;33mURI not supported by Fuel [[0m[1;33mmodel://cad_models/GMC_Laser_Plate_Virtual.STL[0m[1;33m][0m[1;33m
[0m[1;33m[0m[1;33m[0m[1;33m[Wrn] [SystemPaths.cc:459] [0m[1;33mFile or path does not exist [[0m[1;33m""[0m[1;33m] [[0m[1;33mmodel://cad_models/GMC_Laser_Plate_Virtual.STL[0m[1;33m][0m[1;33m
[0m[1;33m[0m[1;33m[0m[1;33m[Wrn] [FuelModelDatabase.cc:313] [0m[1;33mURI not supported by Fuel [[0m[1;33mmodel://cais_lab_robotics/models/KMR/meshes/rg2/visual/inner_finger.stl[0m[1;33m][0m[1;33m
[0m[1;33m[0m[1;33m[0m[1;33m[Wrn] [SystemPaths.cc:459] [0m[1;33mFile or path does not exist [[0m[1;33m""[0m[1;33m] [[0m[1;33mmodel://cais_lab_robotics/models/KMR/meshes/rg2/visual/inner_finger.stl[0m[1;33m][0m[1;33m
[0m[1;33m[0m[1;33m[0m[1;31m[Err] [Visual.cc:2956] [0m[1;31mNo mesh specified
[0m[1;33m[Wrn] [FuelModelDatabase.cc:313] [0m[1;33mURI not supported by Fuel [[0m[1;33mmodel://cais_lab_robotics/models/KMR/meshes/rg2/visual/inner_finger.stl[0m[1;33m][0m[1;33m
[0m[1;33m[0m[1;33m[0m[1;33m[Wrn] [SystemPaths.cc:459] [0m[1;33mFile or path does not exist [[0m[1;33m""[0m[1;33m] [[0m[1;33mmodel://cais_lab_robotics/models/KMR/meshes/rg2/visual/inner_finger.stl[0m[1;33m][0m[1;33m
[0m[1;33m[0m[1;33m[0m[1;31m[Err] [Visual.cc:2956] [0m[1;31mNo mesh specified
[0m[1;33m[Wrn] [FuelModelDatabase.cc:313] [0m[1;33mURI not supported by Fuel [[0m[1;33mmodel://cais_lab_robotics/models/KMR/meshes/rg2/visual/inner_finger.stl[0m[1;33m][0m[1;33m
[0m[1;33m[0m[1;33m[0m[1;33m[Wrn] [SystemPaths.cc:459] [0m[1;33mFile or path does not exist [[0m[1;33m""[0m[1;33m] [[0m[1;33mmodel://cais_lab_robotics/models/KMR/meshes/rg2/visual/inner_finger.stl[0m[1;33m][0m[1;33m
[0m[1;33m[0m[1;33m[0m[1;33m[Wrn] [FuelModelDatabase.cc:313] [0m[1;33mURI not supported by Fuel [[0m[1;33mmodel://cais_lab_robotics/models/KMR/meshes/rg2/visual/outer_knuckle.stl[0m[1;33m][0m[1;33m
[0m[1;33m[0m[1;33m[0m[1;33m[Wrn] [SystemPaths.cc:459] [0m[1;33mFile or path does not exist [[0m[1;33m""[0m[1;33m] [[0m[1;33mmodel://cais_lab_robotics/models/KMR/meshes/rg2/visual/outer_knuckle.stl[0m[1;33m][0m[1;33m
[0m[1;33m[0m[1;33m[0m[1;31m[Err] [Visual.cc:2956] [0m[1;31mNo mesh specified
[0m[1;33m[Wrn] [FuelModelDatabase.cc:313] [0m[1;33mURI not supported by Fuel [[0m[1;33mmodel://cais_lab_robotics/models/KMR/meshes/rg2/visual/outer_knuckle.stl[0m[1;33m][0m[1;33m
[0m[1;33m[0m[1;33m[0m[1;33m[Wrn] [SystemPaths.cc:459] [0m[1;33mFile or path does not exist [[0m[1;33m""[0m[1;33m] [[0m[1;33mmodel://cais_lab_robotics/models/KMR/meshes/rg2/visual/outer_knuckle.stl[0m[1;33m][0m[1;33m
[0m[1;33m[0m[1;33m[0m[1;31m[Err] [Visual.cc:2956] [0m[1;31mNo mesh specified
[0m[1;33m[Wrn] [FuelModelDatabase.cc:313] [0m[1;33mURI not supported by Fuel [[0m[1;33mmodel://cais_lab_robotics/models/KMR/meshes/rg2/visual/outer_knuckle.stl[0m[1;33m][0m[1;33m
[0m[1;33m[0m[1;33m[0m[1;33m[Wrn] [SystemPaths.cc:459] [0m[1;33mFile or path does not exist [[0m[1;33m""[0m[1;33m] [[0m[1;33mmodel://cais_lab_robotics/models/KMR/meshes/rg2/visual/outer_knuckle.stl[0m[1;33m][0m[1;33m
[0m[1;33m[0m[1;33m[0m[1;33m[Wrn] [FuelModelDatabase.cc:313] [0m[1;33mURI not supported by Fuel [[0m[1;33mmodel://cais_lab_robotics/models/KMR/meshes/rg2/visual/inner_knuckle.stl[0m[1;33m][0m[1;33m
[0m[1;33m[0m[1;33m[0m[1;33m[Wrn] [SystemPaths.cc:459] [0m[1;33mFile or path does not exist [[0m[1;33m""[0m[1;33m] [[0m[1;33mmodel://cais_lab_robotics/models/KMR/meshes/rg2/visual/inner_knuckle.stl[0m[1;33m][0m[1;33m
[0m[1;33m[0m[1;33m[0m[1;31m[Err] [Visual.cc:2956] [0m[1;31mNo mesh specified
[0m[1;33m[Wrn] [FuelModelDatabase.cc:313] [0m[1;33mURI not supported by Fuel [[0m[1;33mmodel://cais_lab_robotics/models/KMR/meshes/rg2/visual/inner_knuckle.stl[0m[1;33m][0m[1;33m
[0m[1;33m[0m[1;33m[0m[1;33m[Wrn] [SystemPaths.cc:459] [0m[1;33mFile or path does not exist [[0m[1;33m""[0m[1;33m] [[0m[1;33mmodel://cais_lab_robotics/models/KMR/meshes/rg2/visual/inner_knuckle.stl[0m[1;33m][0m[1;33m
[0m[1;33m[0m[1;33m[0m[1;31m[Err] [Visual.cc:2956] [0m[1;31mNo mesh specified
[0m[1;33m[Wrn] [FuelModelDatabase.cc:313] [0m[1;33mURI not supported by Fuel [[0m[1;33mmodel://cais_lab_robotics/models/KMR/meshes/rg2/visual/inner_knuckle.stl[0m[1;33m][0m[1;33m
[0m[1;33m[0m[1;33m[0m[1;33m[Wrn] [SystemPaths.cc:459] [0m[1;33mFile or path does not exist [[0m[1;33m""[0m[1;33m] [[0m[1;33mmodel://cais_lab_robotics/models/KMR/meshes/rg2/visual/inner_knuckle.stl[0m[1;33m][0m[1;33m
[0m[1;33m[0m[1;33m[0m[1;33m[Wrn] [FuelModelDatabase.cc:313] [0m[1;33mURI not supported by Fuel [[0m[1;33mmodel://cais_lab_robotics/models/KMR/meshes/rg2/visual/inner_finger.stl[0m[1;33m][0m[1;33m
[0m[1;33m[0m[1;33m[0m[1;33m[Wrn] [SystemPaths.cc:459] [0m[1;33mFile or path does not exist [[0m[1;33m""[0m[1;33m] [[0m[1;33mmodel://cais_lab_robotics/models/KMR/meshes/rg2/visual/inner_finger.stl[0m[1;33m][0m[1;33m
[0m[1;33m[0m[1;33m[0m[1;31m[Err] [Visual.cc:2956] [0m[1;31mNo mesh specified
[0m[1;33m[Wrn] [FuelModelDatabase.cc:313] [0m[1;33mURI not supported by Fuel [[0m[1;33mmodel://cais_lab_robotics/models/KMR/meshes/rg2/visual/inner_finger.stl[0m[1;33m][0m[1;33m
[0m[1;33m[0m[1;33m[0m[1;33m[Wrn] [SystemPaths.cc:459] [0m[1;33mFile or path does not exist [[0m[1;33m""[0m[1;33m] [[0m[1;33mmodel://cais_lab_robotics/models/KMR/meshes/rg2/visual/inner_finger.stl[0m[1;33m][0m[1;33m
[0m[1;33m[0m[1;33m[0m[1;31m[Err] [Visual.cc:2956] [0m[1;31mNo mesh specified
[0m[1;33m[Wrn] [FuelModelDatabase.cc:313] [0m[1;33mURI not supported by Fuel [[0m[1;33mmodel://cais_lab_robotics/models/KMR/meshes/rg2/visual/inner_finger.stl[0m[1;33m][0m[1;33m
[0m[1;33m[0m[1;33m[0m[1;33m[Wrn] [SystemPaths.cc:459] [0m[1;33mFile or path does not exist [[0m[1;33m""[0m[1;33m] [[0m[1;33mmodel://cais_lab_robotics/models/KMR/meshes/rg2/visual/inner_finger.stl[0m[1;33m][0m[1;33m
[0m[1;33m[0m[1;33m[0m[1;33m[Wrn] [FuelModelDatabase.cc:313] [0m[1;33mURI not supported by Fuel [[0m[1;33mmodel://cais_lab_robotics/models/KMR/meshes/rg2/visual/inner_knuckle.stl[0m[1;33m][0m[1;33m
[0m[1;33m[0m[1;33m[0m[1;33m[Wrn] [SystemPaths.cc:459] [0m[1;33mFile or path does not exist [[0m[1;33m""[0m[1;33m] [[0m[1;33mmodel://cais_lab_robotics/models/KMR/meshes/rg2/visual/inner_knuckle.stl[0m[1;33m][0m[1;33m
[0m[1;33m[0m[1;33m[0m[1;31m[Err] [Visual.cc:2956] [0m[1;31mNo mesh specified
[0m[1;33m[Wrn] [FuelModelDatabase.cc:313] [0m[1;33mURI not supported by Fuel [[0m[1;33mmodel://cais_lab_robotics/models/KMR/meshes/rg2/visual/inner_knuckle.stl[0m[1;33m][0m[1;33m
[0m[1;33m[0m[1;33m[0m[1;33m[Wrn] [SystemPaths.cc:459] [0m[1;33mFile or path does not exist [[0m[1;33m""[0m[1;33m] [[0m[1;33mmodel://cais_lab_robotics/models/KMR/meshes/rg2/visual/inner_knuckle.stl[0m[1;33m][0m[1;33m
[0m[1;33m[0m[1;33m[0m[1;31m[Err] [Visual.cc:2956] [0m[1;31mNo mesh specified
[0m[1;33m[Wrn] [FuelModelDatabase.cc:313] [0m[1;33mURI not supported by Fuel [[0m[1;33mmodel://cais_lab_robotics/models/KMR/meshes/rg2/visual/inner_knuckle.stl[0m[1;33m][0m[1;33m
[0m[1;33m[0m[1;33m[0m[1;33m[Wrn] [SystemPaths.cc:459] [0m[1;33mFile or path does not exist [[0m[1;33m""[0m[1;33m] [[0m[1;33mmodel://cais_lab_robotics/models/KMR/meshes/rg2/visual/inner_knuckle.stl[0m[1;33m][0m[1;33m
[0m[1;33m[0m[1;33m[0m[1;33m[Wrn] [FuelModelDatabase.cc:313] [0m[1;33mURI not supported by Fuel [[0m[1;33mmodel://cais_lab_robotics/models/KMR/meshes/rg2/visual/outer_knuckle.stl[0m[1;33m][0m[1;33m
[0m[1;33m[0m[1;33m[0m[1;33m[Wrn] [SystemPaths.cc:459] [0m[1;33mFile or path does not exist [[0m[1;33m""[0m[1;33m] [[0m[1;33mmodel://cais_lab_robotics/models/KMR/meshes/rg2/visual/outer_knuckle.stl[0m[1;33m][0m[1;33m
[0m[1;33m[0m[1;33m[0m[1;31m[Err] [Visual.cc:2956] [0m[1;31mNo mesh specified
[0m[1;33m[Wrn] [FuelModelDatabase.cc:313] [0m[1;33mURI not supported by Fuel [[0m[1;33mmodel://cais_lab_robotics/models/KMR/meshes/rg2/visual/outer_knuckle.stl[0m[1;33m][0m[1;33m
[0m[1;33m[0m[1;33m[0m[1;33m[Wrn] [SystemPaths.cc:459] [0m[1;33mFile or path does not exist [[0m[1;33m""[0m[1;33m] [[0m[1;33mmodel://cais_lab_robotics/models/KMR/meshes/rg2/visual/outer_knuckle.stl[0m[1;33m][0m[1;33m
[0m[1;33m[0m[1;33m[0m[1;31m[Err] [Visual.cc:2956] [0m[1;31mNo mesh specified
[0m[1;33m[Wrn] [FuelModelDatabase.cc:313] [0m[1;33mURI not supported by Fuel [[0m[1;33mmodel://cais_lab_robotics/models/KMR/meshes/rg2/visual/outer_knuckle.stl[0m[1;33m][0m[1;33m
[0m[1;33m[0m[1;33m[0m[1;33m[Wrn] [SystemPaths.cc:459] [0m[1;33mFile or path does not exist [[0m[1;33m""[0m[1;33m] [[0m[1;33mmodel://cais_lab_robotics/models/KMR/meshes/rg2/visual/outer_knuckle.stl[0m[1;33m][0m[1;33m
[0m[1;33m[0m[1;33m[0m[1;33m[Wrn] [FuelModelDatabase.cc:313] [0m[1;33mURI not supported by Fuel [[0m[1;33mmodel://cais_lab_robotics/models/KMR/meshes/rg2/visual/base_link.stl[0m[1;33m][0m[1;33m
[0m[1;33m[0m[1;33m[0m[1;33m[Wrn] [SystemPaths.cc:459] [0m[1;33mFile or path does not exist [[0m[1;33m""[0m[1;33m] [[0m[1;33mmodel://cais_lab_robotics/models/KMR/meshes/rg2/visual/base_link.stl[0m[1;33m][0m[1;33m
[0m[1;33m[0m[1;33m[0m[1;31m[Err] [Visual.cc:2956] [0m[1;31mNo mesh specified
[0m[1;33m[Wrn] [FuelModelDatabase.cc:313] [0m[1;33mURI not supported by Fuel [[0m[1;33mmodel://cais_lab_robotics/models/KMR/meshes/rg2/visual/base_link.stl[0m[1;33m][0m[1;33m
[0m[1;33m[0m[1;33m[0m[1;33m[Wrn] [SystemPaths.cc:459] [0m[1;33mFile or path does not exist [[0m[1;33m""[0m[1;33m] [[0m[1;33mmodel://cais_lab_robotics/models/KMR/meshes/rg2/visual/base_link.stl[0m[1;33m][0m[1;33m
[0m[1;33m[0m[1;33m[0m[1;31m[Err] [Visual.cc:2956] [0m[1;31mNo mesh specified
[0m[1;33m[Wrn] [FuelModelDatabase.cc:313] [0m[1;33mURI not supported by Fuel [[0m[1;33mmodel://cais_lab_robotics/models/KMR/meshes/rg2/visual/base_link.stl[0m[1;33m][0m[1;33m
[0m[1;33m[0m[1;33m[0m[1;33m[Wrn] [SystemPaths.cc:459] [0m[1;33mFile or path does not exist [[0m[1;33m""[0m[1;33m] [[0m[1;33mmodel://cais_lab_robotics/models/KMR/meshes/rg2/visual/base_link.stl[0m[1;33m][0m[1;33m
[0m[1;33m[0m[1;33m[0m[1;33m[Wrn] [FuelModelDatabase.cc:313] [0m[1;33mURI not supported by Fuel [[0m[1;33mmodel://cais_lab_robotics/models/KMR/meshes/lbr_iiwa_14_r820/visual/base_link.dae[0m[1;33m][0m[1;33m
[0m[1;33m[0m[1;33m[0m[1;33m[Wrn] [SystemPaths.cc:459] [0m[1;33mFile or path does not exist [[0m[1;33m""[0m[1;33m] [[0m[1;33mmodel://cais_lab_robotics/models/KMR/meshes/lbr_iiwa_14_r820/visual/base_link.dae[0m[1;33m][0m[1;33m
[0m[1;33m[0m[1;33m[0m[1;31m[Err] [Visual.cc:2956] [0m[1;31mNo mesh specified
[0m[1;33m[Wrn] [FuelModelDatabase.cc:313] [0m[1;33mURI not supported by Fuel [[0m[1;33mmodel://cais_lab_robotics/models/KMR/meshes/lbr_iiwa_14_r820/visual/base_link.dae[0m[1;33m][0m[1;33m
[0m[1;33m[0m[1;33m[0m[1;33m[Wrn] [SystemPaths.cc:459] [0m[1;33mFile or path does not exist [[0m[1;33m""[0m[1;33m] [[0m[1;33mmodel://cais_lab_robotics/models/KMR/meshes/lbr_iiwa_14_r820/visual/base_link.dae[0m[1;33m][0m[1;33m
[0m[1;33m[0m[1;33m[0m[1;31m[Err] [Visual.cc:2956] [0m[1;31mNo mesh specified
[0m[1;33m[Wrn] [FuelModelDatabase.cc:313] [0m[1;33mURI not supported by Fuel [[0m[1;33mmodel://cais_lab_robotics/models/KMR/meshes/lbr_iiwa_14_r820/visual/base_link.dae[0m[1;33m][0m[1;33m
[0m[1;33m[0m[1;33m[0m[1;33m[Wrn] [SystemPaths.cc:459] [0m[1;33mFile or path does not exist [[0m[1;33m""[0m[1;33m] [[0m[1;33mmodel://cais_lab_robotics/models/KMR/meshes/lbr_iiwa_14_r820/visual/base_link.dae[0m[1;33m][0m[1;33m
[0m[1;33m[0m[1;33m[0m[1;32m[Msg] [0m[1;32mRecovery Gazebo viewer render rate: [0m[1;32m30[0m[1;32m Hz
[0m[1;33m[0m[1;36m[0m[1;31m[0m[1;32m[0m