........................................................................ [ 20%]
........................................................................ [ 40%]
.............................................F.......................... [ 60%]
.............F.F........................................................ [ 80%]
.....................................................................    [100%]
=================================== FAILURES ===================================
______ test_complete_resources_page_keeps_one_read_only_live_status_poll _______

scene = {'3D Printing Station': {'gazebo_model': 'prusa_mk4_2', 'handling_robot': 'ur5e-4', 'initial_products': ['gear_small',...assembly_board-v1', 'completed_product_pose': [0.5, 0.58, 1.075, 0.0, 0.0, 0.0], 'handling_robot': 'ur5e-3', ...}, ...}
models = {'3D Printing Station': {'assignments': {'gazebo_model': 'prusa_mk4_2', 'handling_robot': 'ur5e-4', 'initial_products'...ied', 'part_location': 'Exit'}}, 'controllable': True, 'event_id': 68, 'event_name': 'place_release', ...}], ...}, ...}
monkeypatch = <_pytest.monkeypatch.MonkeyPatch object at 0x75c31a3e2710>

    def test_complete_resources_page_keeps_one_read_only_live_status_poll(scene, models, monkeypatch):
        from nicegui import core, ui
    
        from cais_spade_llm.ui.pages.resources import render
    
        polls = []
        monkeypatch.setattr(ui, "timer", lambda interval, callback: polls.append((interval, callback)))
    
        class ReadOnlyBridge:
            def __init__(self):
                self.reads = []
                self.states = {"ur5e-1": {"current_state": "picked", "held_part": SQUARE}}
    
            def load_config(self, path):
                self.reads.append("load_config")
                return deepcopy(scene)
    
            def get_robot_states(self):
                self.reads.append("get_robot_states")
                return deepcopy(self.states)
    
        bridge = ReadOnlyBridge()
        with ui.column() as page:
            render(bridge)
        texts = [getattr(item, "text", "") for item in page.descendants()]
        assert texts.count("Resources") == 1
        assert "Live Robot Status" in texts
        assert "Resource Agent Chat" not in texts
        assert "Live observations" not in texts
        assert "Save" not in texts
        assert not any(isinstance(item, ui.textarea) for item in page.descendants())
        assert len(polls) == 1 and polls[0][0] == 2.0
        assert bridge.reads == ["load_config", "get_robot_states"]
    
        selector = next(
            item
            for item in page.descendants()
            if isinstance(item, ui.select) and item.label == "Resource"
        )
    
        async def switch_resources():
            monkeypatch.setattr(core, "loop", asyncio.get_running_loop())
            from cais_spade_llm.resources.environment_models import build_environment_models
    
            runtime_models = build_environment_models(scene)
            for resource in models:
                selector.set_value(resource)
                await asyncio.sleep(0)
                graph = next(item for item in page.descendants() if isinstance(item, ui.mermaid))
>               assert graph.content == nominal_capability_mermaid(runtime_models[resource])

test/test_nominal_resource_des.py:816: 
_ _ _ _ _ _ _ _ _ _ _ _ _ _ _ _ _ _ _ _ _ _ _ _ _ _ _ _ _ _ _ _ _ _ _ _ _ _ _ _ 
/usr/lib/python3.10/asyncio/runners.py:44: in run
    return loop.run_until_complete(main)
uvloop/loop.pyx:1518: in uvloop.loop.Loop.run_until_complete
    ???
_ _ _ _ _ _ _ _ _ _ _ _ _ _ _ _ _ _ _ _ _ _ _ _ _ _ _ _ _ _ _ _ _ _ _ _ _ _ _ _ 

    async def switch_resources():
        monkeypatch.setattr(core, "loop", asyncio.get_running_loop())
        from cais_spade_llm.resources.environment_models import build_environment_models
    
        runtime_models = build_environment_models(scene)
        for resource in models:
>           selector.set_value(resource)
E           assert 'flowchart TB...e_home()"| s8' == 'flowchart TB...e_home()"| s8'
E             
E             Skipping 759 identical leading characters in diff, use -v to show
E             - (part_name=assembly_board-v1,<br/>origin_resource_location=assembly_board-v1)"| s4
E             ?           ------------------
E             + (part_name,<br/>origin_resource_location=assembly_board-v1)"| s4
E             -     s4 -->|"pick_grasp(part_name=assembly_board-v1,<br/>origin_resource_location=assembly_board-v1)"| s1
E             ?                                 ------------------...
E             
E             ...Full output truncated (12 lines hidden), use '-vv' to show

test/test_nominal_resource_des.py:813: AssertionError
_ test_run_reads_saved_setup_and_blocks_unsupported_settings_before_dispatch[False] _

project = PosixPath('/tmp/pytest-of-jongh/pytest-63/test_run_reads_saved_setup_and0')
monkeypatch = <_pytest.monkeypatch.MonkeyPatch object at 0x75c30af87fa0>
failure = False

    @pytest.mark.parametrize("failure", [False, True])
    def test_run_reads_saved_setup_and_blocks_unsupported_settings_before_dispatch(
        project, monkeypatch, failure
    ):
        setup = settings.default_setup(project)
        if failure:
            setup["failure_scenario"] = slippage(setup, project)
        else:
            setup["permitted_resources"].remove("KMR")
        path = project / settings.SETUP_RELATIVE
        settings.save_setup(setup, path, root=project)
        monkeypatch.setattr(settings, "SETUP_PATH", path)
        original_gate = settings.startup_block_reason
        monkeypatch.setattr(
            settings, "startup_block_reason", lambda value: original_gate(value, root=project)
        )
        bridge = _run_bridge()
        buttons = _capture_buttons(monkeypatch)
        callbacks = []
        monkeypatch.setattr(
            ui, "timer", lambda interval, callback, **kwargs: callbacks.append(callback) or Mock()
        )
        before = snapshot(project)
        client = Client(context.client.page)
        with client:
            recovery_run.render(bridge)
            for callback in callbacks:
                callback()
            buttons["Refresh saved setup"]()
            asyncio.run(buttons["Start System"]())
>           if failure:

test/test_recovery_setup.py:363: 
_ _ _ _ _ _ _ _ _ _ _ _ _ _ _ _ _ _ _ _ _ _ _ _ _ _ _ _ _ _ _ _ _ _ _ _ _ _ _ _ 

self = <AsyncMock name='mock.start_system' id='129480816420240'>

    def assert_not_called(self):
        """assert that the mock was never called.
        """
        if self.call_count != 0:
            msg = ("Expected '%s' to not have been called. Called %s times.%s"
                   % (self._mock_name or 'mock',
                      self.call_count,
                      self._calls_repr()))
>           raise AssertionError(msg)
E           AssertionError: Expected 'start_system' to not have been called. Called 1 times.
E           Calls: [call()].

/usr/lib/python3.10/unittest/mock.py:890: AssertionError
_____ test_start_rechecks_saved_settings_and_stop_keeps_existing_dispatch ______

project = PosixPath('/tmp/pytest-of-jongh/pytest-63/test_start_rechecks_saved_sett0')
monkeypatch = <_pytest.monkeypatch.MonkeyPatch object at 0x75c3122bc1c0>

            )
        client.delete()
    
    
    def test_start_rechecks_saved_settings_and_stop_keeps_existing_dispatch(project, monkeypatch):
        setup = settings.default_setup(project)
        path = project / settings.SETUP_RELATIVE
        settings.save_setup(setup, path, root=project)
        monkeypatch.setattr(settings, "SETUP_PATH", path)
        original_gate = settings.startup_block_reason
        monkeypatch.setattr(
            settings, "startup_block_reason", lambda value: original_gate(value, root=project)
        )
        monkeypatch.setattr(ui, "timer", lambda *args, **kwargs: Mock())
        monkeypatch.setattr(recovery_run, "_check_prerequisites", Mock(return_value=True))
        bridge = _run_bridge()
        bridge.consume_notice.return_value = ""
        buttons = _capture_buttons(monkeypatch)
        client = Client(context.client.page)
    
        async def started():
            bridge.system_running = True
    
        async def stopped():
            bridge.system_running = False
    
        bridge.start_system.side_effect = started
        bridge.stop_system.side_effect = stopped
    
        async def check_controls():
            with client:
                recovery_run.render(bridge)
                bridge.start_system.assert_not_called()
                setup["failure_scenario"] = slippage(setup, project)
                settings.save_setup(setup, path, root=project)
                await buttons["Start System"]()
                bridge.start_system.assert_not_called()
                setup["failure_scenario"] = None
                setup["runtime_recovery_mode"] = "manual"
                settings.save_setup(setup, path, root=project)
                await buttons["Start System"]()
                await asyncio.sleep(0)
                bridge.start_system.assert_awaited_once()
                assert bridge.selected_product == setup["selected_product"]
                assert bridge.selected_product_order_file == setup["selected_product_order_file"]
                bridge.set_runtime_recovery_mode.assert_called_once_with("manual")
                summary = next(item for item in client.elements.values() if isinstance(item, ui.table))
                assert summary.rows == settings.setup_summary(setup)
>               await buttons["Stop System"]()

test/test_recovery_setup.py:423: 
_ _ _ _ _ _ _ _ _ _ _ _ _ _ _ _ _ _ _ _ _ _ _ _ _ _ _ _ _ _ _ _ _ _ _ _ _ _ _ _ 
/usr/lib/python3.10/asyncio/runners.py:44: in run
    return loop.run_until_complete(main)
uvloop/loop.pyx:1518: in uvloop.loop.Loop.run_until_complete
    ???
test/test_recovery_setup.py:416: in check_controls
    await asyncio.sleep(0)
/usr/lib/python3.10/unittest/mock.py:941: in assert_called_once_with
    return self.assert_called_with(*args, **kwargs)
_ _ _ _ _ _ _ _ _ _ _ _ _ _ _ _ _ _ _ _ _ _ _ _ _ _ _ _ _ _ _ _ _ _ _ _ _ _ _ _ 

self = <MagicMock name='mock.set_runtime_recovery_mode' id='129480682959200'>
args = ('manual',), kwargs = {}, expected = call('manual')
actual = call('pre_ran')
_error_message = <function NonCallableMock.assert_called_with.<locals>._error_message at 0x75c31235b760>
cause = None

    def assert_called_with(self, /, *args, **kwargs):
        """assert that the last call was made with the specified arguments.
    
        Raises an AssertionError if the args and keyword args passed in are
        different to the last call to the mock."""
        if self.call_args is None:
            expected = self._format_mock_call_signature(args, kwargs)
            actual = 'not called.'
            error_message = ('expected call not found.\nExpected: %s\nActual: %s'
                    % (expected, actual))
            raise AssertionError(error_message)
    
        def _error_message():
            msg = self._format_mock_failure_message(args, kwargs)
            return msg
        expected = self._call_matcher(_Call((args, kwargs), two=True))
        actual = self._call_matcher(self.call_args)
        if actual != expected:
            cause = expected if isinstance(expected, Exception) else None
>           raise AssertionError(_error_message()) from cause
E           AssertionError: expected call not found.
E           Expected: set_runtime_recovery_mode('manual')
E           Actual: set_runtime_recovery_mode('pre_ran')

/usr/lib/python3.10/unittest/mock.py:929: AssertionError
=============================== warnings summary ===============================
test/test_recovery_framework_gazebo.py::test_recovery_rviz_rendering_defaults_preserve_wsl_behavior[True-true]
  Warning: private variables, such as '_ConstructUnits__ConstructUnitsValue', will be normal attributes in 3.11

-- Docs: https://docs.pytest.org/en/stable/how-to/capture-warnings.html
=========================== short test summary info ============================
FAILED test/test_nominal_resource_des.py::test_complete_resources_page_keeps_one_read_only_live_status_poll
FAILED test/test_recovery_setup.py::test_run_reads_saved_setup_and_blocks_unsupported_settings_before_dispatch[False]
FAILED test/test_recovery_setup.py::test_start_rechecks_saved_settings_and_stop_keeps_existing_dispatch
3 failed, 354 passed, 1 warning in 77.22s (0:01:17)
