frame=1
fps=0.00
stream_0_0_q=-0.0
bitrate=N/A
total_size=N/A
out_time_us=66667
out_time_ms=66667
out_time=00:00:00.066667
dup_frames=0
drop_frames=0
speed=3.7e+03x
progress=continue
frame=798
fps=0.00
stream_0_0_q=-0.0
bitrate=N/A
total_size=N/A
out_time_us=53200000
out_time_ms=53200000
out_time=00:00:53.200000
dup_frames=0
drop_frames=0
speed= 106x
progress=continue
frame=955
fps=0.00
stream_0_0_q=-0.0
bitrate=N/A
total_size=N/A
out_time_us=63666667
out_time_ms=63666667
out_time=00:01:03.666667
dup_frames=0
drop_frames=0
speed= 108x
progress=end
