{
  "run_id": "2a18a5d1ee544380b6ed6be402e43839",
  "accepted": true,
  "program_revision": 4,
  "changed_execution_sources_during_run": [],
  "completed_transitions": 195,
  "primitive_trace_errors": [],
  "model_transition_errors": [],
  "contact_counts": {
    "messages": 645198,
    "kmr_ground": 645197,
    "kmr_part": 0,
    "kmr_equipment": 0,
    "equipment_pairs": 0,
    "ur_equipment": 0,
    "ur_part": 0,
    "ur_robot": 0
  },
  "elapsed_wall_time_sec": 1362.4471249460003,
  "KMR_cartesian": {
    "paths": 56,
    "collision_samples": 7632,
    "cartesian_samples": 7632,
    "maximum_path_error_m": 4.277531583147067e-07,
    "planned_arm_motion_sec": 197.76557339600004
  },
  "startup_pose_valid": true
}
