bash scripts/bootstrap_gazebo_workspace.sh
xarm_ros2 already present at /home/jongh/ros2_ws/src/xarm_ros2
OnRobot_ROS2_Description already present at /home/jongh/ros2_ws/src/OnRobot_ROS2_Description
IFRA_LinkAttacher already present at /home/jongh/ros2_ws/src/IFRA_LinkAttacher
[0.597s] WARNING:colcon.colcon_core.package_selection:Some selected packages are already built in one or more underlay workspaces:
	'xarm_msgs' is in: /home/jongh/ros2_ws/install/xarm_msgs
	'xarm_api' is in: /home/jongh/ros2_ws/install/xarm_api
If a package in a merged underlay workspace is overridden and it installs headers, then all packages in the overlay must sort their include directories by workspace order. Failure to do so may result in build failures or undefined behavior at run time.
If the overridden package is used by another package in any underlay, then the overriding package in the overlay must be API and ABI compatible or undefined behavior at run time may occur.

If you understand the risks and want to override a package anyways, add the following to the command line:
	--allow-overriding xarm_api xarm_msgs

This may be promoted to an error in a future release of colcon-override-check.
Starting >>> linkattacher_msgs
Finished <<< linkattacher_msgs [0.48s]
Starting >>> mbot_demo
Finished <<< mbot_demo [0.07s]
Starting >>> onrobot_description
Finished <<< onrobot_description [0.09s]
Starting >>> realsense_gazebo_plugin
Finished <<< realsense_gazebo_plugin [0.27s]
Starting >>> uf_ros_lib
Finished <<< uf_ros_lib [0.76s]
Starting >>> xarm_description
Finished <<< xarm_description [0.14s]
Starting >>> xarm_msgs
Finished <<< xarm_msgs [0.47s]
Starting >>> xarm_sdk
Finished <<< xarm_sdk [0.11s]
Starting >>> ros2_linkattacher
Finished <<< ros2_linkattacher [17.7s]
Starting >>> xarm_api
Finished <<< xarm_api [0.15s]
Starting >>> xarm_controller
Finished <<< xarm_controller [0.11s]
Starting >>> xarm_gazebo
Finished <<< xarm_gazebo [0.12s]
Starting >>> xarm_moveit_config
Finished <<< xarm_moveit_config [0.09s]
Starting >>> cais_lab_robotics
--- stderr: cais_lab_robotics
CMake Warning (dev) at /usr/share/cmake-3.22/Modules/FindPackageHandleStandardArgs.cmake:438 (message):
  The package name passed to `find_package_handle_standard_args` (PkgConfig)
  does not match the name of the calling package (gazebo).  This can lead to
  problems in calling code that expects `find_package` result variables
  (e.g., `_FOUND`) to follow a certain pattern.
Call Stack (most recent call first):
  /usr/share/cmake-3.22/Modules/FindPkgConfig.cmake:99 (find_package_handle_standard_args)
  /usr/lib/x86_64-linux-gnu/cmake/gazebo/gazebo-config.cmake:72 (include)
  CMakeLists.txt:7 (find_package)
This warning is for project developers.  Use -Wno-dev to suppress it.

/home/jongh/ros2_ws/src/cais_lab_robotics/src/recovery_joint_trajectory_controller.cpp: In member function ‘virtual controller_interface::return_type cais_lab_robotics::RecoveryJointTrajectoryController::update(const rclcpp::Time&, const rclcpp::Duration&)’:
/home/jongh/ros2_ws/src/cais_lab_robotics/src/recovery_joint_trajectory_controller.cpp:59:58: error: ‘using element_type = class rclcpp_lifecycle::LifecycleNode’ {aka ‘class rclcpp_lifecycle::LifecycleNode’} has no member named ‘get_fully_qualified_name’
   59 |         << ",\"controller\":" << std::quoted(get_node()->get_fully_qualified_name())
      |                                                          ^~~~~~~~~~~~~~~~~~~~~~~~
gmake[3]: *** [CMakeFiles/cais_recovery_joint_trajectory_controller.dir/build.make:76: CMakeFiles/cais_recovery_joint_trajectory_controller.dir/src/recovery_joint_trajectory_controller.cpp.o] Error 1
gmake[2]: *** [CMakeFiles/Makefile2:186: CMakeFiles/cais_recovery_joint_trajectory_controller.dir/all] Error 2
gmake[1]: *** [Makefile:146: all] Error 2
---
Failed   <<< cais_lab_robotics [4.80s, exited with code 2]

Summary: 13 packages finished [25.8s]
  1 package failed: cais_lab_robotics
  1 package had stderr output: cais_lab_robotics
  2 packages not processed
make: *** [Makefile:25: bootstrap-gazebo] Error 2
